{"logTime": "0916/133848", "correlationVector":"XO6LGC53THnVTUmvWbRFvS.1","action":"SyncServerConnectionManagerRequest", "result":"SYNC_SERVER_OK", "context":{"environment":"Prod_southeastasia_prod-s01-064-apac-southeastasia", "migrationStage":"NotStarted", "server":"akswtt00300000m"}}
{"logTime": "0916/133848", "correlationVector":"XO6LGC53THnVTUmvWbRFvS.2","action":"ProcessGetUpdates", "result":"Done", "context":{"dataType":"Encryption Keys", "deleted":"0", "process_failed_to_decrypt":"0", "process_pending_decryption":"0", "process_success":"1", "total":"1"}}
{"logTime": "0916/133849", "correlationVector":"VedLR/+N4mdmDUZ/haW2m1","action":"SyncServerConnectionManagerRequest", "result":"SYNC_SERVER_OK", "context":{"environment":"", "migrationStage":"", "server":""}}
{"logTime": "0916/133849", "correlationVector":"VedLR/+N4mdmDUZ/haW2m1.0","action":"EncryptionKeysFetcher.DownloadKeys:", "result":"Success", "context":Key count: 10, Last key timestamp: 2026-09-16T13:36:59Z}
{"logTime": "0916/133849", "correlationVector":"VedLR/+N4mdmDUZ/haW2m1.1","action":"EncryptionKeysManager::SetEncryptionKeys:", "result":"Success", "context":Key names[10]:[NhQI2Hohgi8BLoR5FSyop9LGtr+7SUlnLeU1K7lqOHbUY67Qs0eSZBibdzgGL9t6wiEfsacdFWMV3SLn3u316Q==][gEQXf8WAJXP25vwMSAIIuUlK25Lfw2XeLf/8XstWHHsDS8z/t+AzdVxCCmPhGUlGt5LQVNAW5+jgJSJQ9AYByw==][gs/5S+CbpVpIqxHaxFMZfk1q6aDSx4BIIqT8YVYp1t8LYLPuWQvY9lT9BdvJi0SzlnnN1y8pjuwBA+rYsMfAXw==][2UMJct9pdiUdB5rBn2dGGpqhbOr9vXs/R6lUKFazxs0OsDyJzfJK/w7au9dQItq/D7xJdTOKawZH3lET0tdYOQ==][zUr8K1BGAAnSFUuaofLXeQQ/RWuiGs9lns4164XScyDNHbiavhPhsSo0cnZBhWdJCEgn5pFvQb/neLW/ssQ3uQ==][ZHJVpxvy0vNm3vttAVfsbmx5rAM17iqAIZ0iBvyln4rdxeDwcPuC3jVZ6hZZTw3RUoMb3WeRYrUrhEbOztRyjQ==][Zl/sheSI5JvWMWygdB+UhZuFHU5e9ro88g2J6I/2RB+iQ28QWKKw9RKEP+OkDR4JIe6NJVg+nFkEKBlym6EjIg==][xKfruvti3mEkgpRTQEcFrO5D4zG/X9g3fsMJRvuemV4OtOs5dAkWh1E8xB0OCTdhFwQ3Lp4mW/Ir6XWQGvVR+A==][YCpk6aAQkHJHq49pIR1hIXUK63DrLwKsPCBDzxCRhcqcU7SwMqgVhi8hB0vXw57HTatrDY+eG44addyEoeyI5w==][5kNCY54v9zhfLsq/82mWF/LFm8pMtFLbEzSKREHQxvJimU6hr+f2jXmL4C9wnO68UUoXe2Wus97aw0+o3OcohQ==]}
{"logTime": "0916/133849", "correlationVector":"VedLR/+N4mdmDUZ/haW2m1.2","action":"EncryptionKeysManager::SetEncryptionKeysWithTimestamps:", "result":"Success", "context":Key timestamps[10]:[2022-03-14T10:25:52Z][2023-01-30T10:14:15Z][2024-07-13T12:12:29Z][2024-07-30T08:41:16Z][2025-01-11T14:40:31Z][2025-01-21T15:54:20Z][2025-01-29T08:09:31Z][2025-08-04T12:35:07Z][2026-02-21T15:11:53Z][2026-09-16T13:36:59Z]}
{"logTime": "0916/133849", "correlationVector":"XO6LGC53THnVTUmvWbRFvS","action":"Initial GetUpdates", "result":"", "context":Reason: NEW_CLIENT. cV=XO6LGC53THnVTUmvWbRFvS}
{"logTime": "0916/133849", "correlationVector":"XO6LGC53THnVTUmvWbRFvS.3","action":"GetUpdates Response", "result":"Success", "context":Received 1 update(s). cV=XO6LGC53THnVTUmvWbRFvS.0;server=akswtt00300000m;cloudType=Consumer;environment=Prod_southeastasia_prod-s01-064-apac-southeastasia;migrationStage=NotStarted}
{"logTime": "0916/133849", "correlationVector":"rdxsK/F6s15U319Afk34UL","action":"Initial GetUpdates", "result":"", "context":Reason: NEWLY_SUPPORTED_DATATYPE. cV=rdxsK/F6s15U319Afk34UL}
{"logTime": "0916/133849", "correlationVector":"rdxsK/F6s15U319Afk34UL.1","action":"SyncServerConnectionManagerRequest", "result":"SYNC_SERVER_OK", "context":{"environment":"Prod_southeastasia_prod-s01-064-apac-southeastasia", "migrationStage":"NotStarted", "server":"akswtt00300002t"}}
{"logTime": "0916/133849", "correlationVector":"rdxsK/F6s15U319Afk34UL.2","action":"ProcessGetUpdates", "result":"Done", "context":{"dataType":"Passwords", "deleted":"0", "process_failed_to_decrypt":"0", "process_pending_decryption":"0", "process_success":"69", "total":"69"}}
{"logTime": "0916/133849", "correlationVector":"rdxsK/F6s15U319Afk34UL.3","action":"ProcessGetUpdates", "result":"Done", "context":{"dataType":"Device Info", "deleted":"0", "process_failed_to_decrypt":"0", "process_pending_decryption":"0", "process_success":"8", "total":"8"}}
{"logTime": "0916/133849", "correlationVector":"rdxsK/F6s15U319Afk34UL.4","action":"GetUpdates Response", "result":"Success", "context":Received 77 update(s). cV=rdxsK/F6s15U319Afk34UL.0;server=akswtt00300002t;cloudType=Consumer;environment=Prod_southeastasia_prod-s01-064-apac-southeastasia;migrationStage=NotStarted}
{"logTime": "0916/133849", "correlationVector":"66D/8ioHCYYjCXFLeWc021","action":"Initial GetUpdates", "result":"", "context":Reason: NEWLY_SUPPORTED_DATATYPE. cV=66D/8ioHCYYjCXFLeWc021}
{"logTime": "0916/133850", "correlationVector":"66D/8ioHCYYjCXFLeWc021.1","action":"SyncServerConnectionManagerRequest", "result":"SYNC_SERVER_OK", "context":{"environment":"Prod_southeastasia_prod-s01-064-apac-southeastasia", "migrationStage":"NotStarted", "server":"akswtt00300002d"}}
{"logTime": "0916/133850", "correlationVector":"66D/8ioHCYYjCXFLeWc021.2","action":"ProcessGetUpdates", "result":"Done", "context":{"dataType":"Bookmarks", "deleted":"0", "process_failed_to_decrypt":"0", "process_pending_decryption":"0", "process_success":"12", "total":"12"}}
{"logTime": "0916/133850", "correlationVector":"66D/8ioHCYYjCXFLeWc021.3","action":"ProcessGetUpdates", "result":"Done", "context":{"dataType":"Preferences", "deleted":"0", "process_failed_to_decrypt":"0", "process_pending_decryption":"0", "process_success":"66", "total":"66"}}
{"logTime": "0916/133850", "correlationVector":"66D/8ioHCYYjCXFLeWc021.4","action":"ProcessGetUpdates", "result":"Done", "context":{"dataType":"Autofill", "deleted":"0", "process_failed_to_decrypt":"0", "process_pending_decryption":"0", "process_success":"14", "total":"14"}}
{"logTime": "0916/133850", "correlationVector":"66D/8ioHCYYjCXFLeWc021.5","action":"ProcessGetUpdates", "result":"Done", "context":{"dataType":"Sessions", "deleted":"71", "process_failed_to_decrypt":"0", "process_pending_decryption":"0", "process_success":"75", "total":"75"}}
{"logTime": "0916/133850", "correlationVector":"66D/8ioHCYYjCXFLeWc021.6","action":"GetUpdates Response", "result":"Success", "context":Received 167 update(s). cV=66D/8ioHCYYjCXFLeWc021.0;server=akswtt00300002d;cloudType=Consumer;environment=Prod_southeastasia_prod-s01-064-apac-southeastasia;migrationStage=NotStarted}
{"logTime": "0916/133850", "correlationVector":"vETORFJRAQGok3qVBtdu9E","action":"Initial GetUpdates", "result":"", "context":Reason: NEWLY_SUPPORTED_DATATYPE. cV=vETORFJRAQGok3qVBtdu9E}
{"logTime": "0916/133850", "correlationVector":"vETORFJRAQGok3qVBtdu9E.1","action":"SyncServerConnectionManagerRequest", "result":"SYNC_SERVER_OK", "context":{"environment":"Prod_southeastasia_prod-s01-064-apac-southeastasia", "migrationStage":"NotStarted", "server":"akswtt00300002x"}}
{"logTime": "0916/133850", "correlationVector":"vETORFJRAQGok3qVBtdu9E.2","action":"ProcessGetUpdates", "result":"Done", "context":{"dataType":"History", "deleted":"0", "process_failed_to_decrypt":"0", "process_pending_decryption":"0", "process_success":"5", "total":"5"}}
{"logTime": "0916/133850", "correlationVector":"vETORFJRAQGok3qVBtdu9E.3","action":"GetUpdates Response", "result":"Success", "context":Received 5 update(s). cV=vETORFJRAQGok3qVBtdu9E.0;server=akswtt00300002x;cloudType=Consumer;environment=Prod_southeastasia_prod-s01-064-apac-southeastasia;migrationStage=NotStarted}
{"logTime": "0916/133850", "correlationVector":"UGvkpiVPml0q86n1xhzoXs","action":"Normal GetUpdate request", "result":"", "context":cV=UGvkpiVPml0q86n1xhzoXs
Nudged types: Sessions, Device Info, User Consents
Refresh requested types: Bookmarks, Preferences, Passwords, Autofill Profiles, Autofill, Extensions, Sessions, Extension settings, History Delete Directives, Device Info, User Consents, Send Tab To Self, Web Apps, History, Saved Tab Group, WebAuthn Credentials, Edge Hub App Usage, Edge Workspace, Encryption Keys}
{"logTime": "0916/133851", "correlationVector":"UGvkpiVPml0q86n1xhzoXs.1","action":"SyncServerConnectionManagerRequest", "result":"SYNC_SERVER_OK", "context":{"environment":"Prod_southeastasia_prod-s01-064-apac-southeastasia", "migrationStage":"NotStarted", "server":"akswtt00300002h"}}
{"logTime": "0916/133851", "correlationVector":"UGvkpiVPml0q86n1xhzoXs.2","action":"GetUpdates Response", "result":"Success", "context":Received 0 update(s). cV=UGvkpiVPml0q86n1xhzoXs.0;server=akswtt00300002h;cloudType=Consumer;environment=Prod_southeastasia_prod-s01-064-apac-southeastasia;migrationStage=NotStarted}
{"logTime": "0916/133851", "correlationVector":"zPwWOt100ZzUOhSeFlk39q","action":"DoCompareDataConsistency: ", "result":"has local changes and skip compare"}
{"logTime": "0916/133851", "correlationVector":"t8mVbzy4PcLkpa18bLoDQd","action":"Commit Request", "result":"", "context":Item count: 5
Contributing types: Sessions, Device Info, User Consents, History}
{"logTime": "0916/133851", "correlationVector":"t8mVbzy4PcLkpa18bLoDQd","action":"SyncServerConnectionManagerRequest", "result":"CONNECTION_UNAVAILABLE", "context":{"error_type":"net_error_code", "error_value":"-3"}}
