2026-09-16 13:37:52.144: [INFO] CurrentProfilePath: C:\Users\helon\OneDrive\Desktop\WIN-DESIGNER\outputs\about-3d\edge-profile-phase1\Default
2026-09-16 13:37:52.145: [INFO] Profiles total count: 1
2026-09-16 13:37:52.145: [INFO] Profile: name=Profile 1 path=C:\Users\helon\OneDrive\Desktop\WIN-DESIGNER\outputs\about-3d\edge-profile-phase1\Default lastActive=2026-09-16T13:37:52.114Z
2026-09-16 13:37:52.145: [INFO] LastUsedProfileDir: C:\Users\helon\OneDrive\Desktop\WIN-DESIGNER\outputs\about-3d\edge-profile-phase1\Default
2026-09-16 13:37:52.145: [INFO] MostRecentlyActiveProfile: name=Profile 1 path=C:\Users\helon\OneDrive\Desktop\WIN-DESIGNER\outputs\about-3d\edge-profile-phase1\Default lastActive=2026-09-16T13:37:52.114Z
2026-09-16 13:37:52.145: [INFO] OnDoneLoading sync enabled: 0
2026-09-16 13:37:52.145: [INFO] BookmarkModelLoaded, ids_reassigned: 0
2026-09-16 13:37:52.145: [INFO] BookmarksLoadDropped droppedNodes=0
2026-09-16 13:37:52.145: [INFO] BookmarksSnapshot Startup total=0 bar=0 other=0 mobile=0 showBar=0 showBarNTP=1
2026-09-16 13:37:52.545: [INFO] RecordSyncInitDuration has_sync_been_enabled: 0 state: 0
2026-09-16 13:37:52.714: [INFO] VisibilityChanged: 0
2026-09-16 13:37:53.227: [INFO] RecordSyncInitDuration has_sync_been_enabled: 0 state: 0
2026-09-16 13:37:53.230: [INFO] RecordSyncInitDuration has_sync_been_enabled: 0 state: 3
2026-09-16 13:37:53.232: [INFO] Primary account changed.
2026-09-16 13:37:53.232: [INFO] OnPrimaryAccountChanged PrimaryAccountChangeEvent::Type::kSet
2026-09-16 13:37:53.243: [INFO] RecordSyncInitDuration has_sync_been_enabled: 0 state: 3
2026-09-16 13:37:53.262: [INFO] RecordSyncInitDuration has_sync_been_enabled: 0 state: 3
2026-09-16 13:37:55.551: [INFO] BookmarkNodeAdded, ABU: 0
2026-09-16 13:37:55.553: [INFO] BookmarkNodeAdded, ABU: 0
2026-09-16 13:37:55.554: [INFO] BookmarkNodeAdded, ABU: 0
2026-09-16 13:37:55.554: [INFO] BookmarkNodeAdded, ABU: 0
2026-09-16 13:37:55.555: [INFO] BookmarkNodeAdded, ABU: 0
2026-09-16 13:37:55.555: [INFO] BookmarkNodeAdded, ABU: 0
2026-09-16 13:37:56.112: [INFO] Sync initialization duration: 2215ms
2026-09-16 13:37:57.841: [INFO] BookmarksSnapshot Shutdown total=6 bar=4 other=2 mobile=0 showBar=0 showBarNTP=1
